Archive member included to satisfy reference by file (symbol)

/usr/lib/x86_64-linux-gnu/libc_nonshared.a(elf-init.oS)
                              /usr/lib/gcc/x86_64-linux-gnu/4.8/../../../x86_64-linux-gnu/crt1.o (__libc_csu_init)

Allocating common symbols
Common symbol       size              file

CNRFBs              0x40              /tmp/cc83lkH7.o (symbol from plugin)
PlayerPoints        0x10              /tmp/ccpsoZsR.o (symbol from plugin)
sendptr             0x2               /tmp/ccxEw9rH.o (symbol from plugin)
Things              0x360             /tmp/ccpsoZsR.o (symbol from plugin)
sockets             0x28              /tmp/ccxEw9rH.o (symbol from plugin)
readbuffer          0x10000           /tmp/ccxEw9rH.o (symbol from plugin)
FPSs                0xe0              /tmp/ccpsoZsR.o (symbol from plugin)
PylonHealths        0x37              /tmp/ccpsoZsR.o (symbol from plugin)
RankingHeap         0x8               /tmp/ccpsoZsR.o (symbol from plugin)
RankingHeapPlace    0x1               /tmp/ccpsoZsR.o (symbol from plugin)
sendconn            0x1               /tmp/ccxEw9rH.o (symbol from plugin)
sendbuffer          0x4000            /tmp/ccxEw9rH.o (symbol from plugin)

Discarded input sections

 .rodata.cst4   0x0000000000000000        0x4 /usr/lib/gcc/x86_64-linux-gnu/4.8/../../../x86_64-linux-gnu/crt1.o
 .eh_frame      0x0000000000000000       0x30 /usr/lib/gcc/x86_64-linux-gnu/4.8/../../../x86_64-linux-gnu/crt1.o
 .data          0x0000000000000000        0x4 /usr/lib/gcc/x86_64-linux-gnu/4.8/../../../x86_64-linux-gnu/crt1.o
 .bss           0x0000000000000000        0x0 /usr/lib/gcc/x86_64-linux-gnu/4.8/../../../x86_64-linux-gnu/crt1.o
 .note.GNU-stack
                0x0000000000000000        0x0 /usr/lib/gcc/x86_64-linux-gnu/4.8/../../../x86_64-linux-gnu/crt1.o
 .gnu_debuglink
                0x0000000000000000        0xc /usr/lib/gcc/x86_64-linux-gnu/4.8/../../../x86_64-linux-gnu/crt1.o
 .text          0x0000000000000000        0x0 /usr/lib/gcc/x86_64-linux-gnu/4.8/../../../x86_64-linux-gnu/crti.o
 .data          0x0000000000000000        0x0 /usr/lib/gcc/x86_64-linux-gnu/4.8/../../../x86_64-linux-gnu/crti.o
 .bss           0x0000000000000000        0x0 /usr/lib/gcc/x86_64-linux-gnu/4.8/../../../x86_64-linux-gnu/crti.o
 .note.GNU-stack
                0x0000000000000000        0x0 /usr/lib/gcc/x86_64-linux-gnu/4.8/../../../x86_64-linux-gnu/crti.o
 .gnu_debuglink
                0x0000000000000000        0xc /usr/lib/gcc/x86_64-linux-gnu/4.8/../../../x86_64-linux-gnu/crti.o
 .data          0x0000000000000000        0x8 /usr/lib/gcc/x86_64-linux-gnu/4.8/crtbegin.o
 .note.GNU-stack
                0x0000000000000000        0x0 /usr/lib/gcc/x86_64-linux-gnu/4.8/crtbegin.o
 .text          0x0000000000000000        0x0 /tmp/cc83lkH7.o (symbol from plugin)
 .text          0x0000000000000000        0x0 /tmp/ccXp1K1R.ltrans0.ltrans.o
 .data          0x0000000000000000        0x0 /tmp/ccXp1K1R.ltrans0.ltrans.o
 .bss           0x0000000000000000        0x0 /tmp/ccXp1K1R.ltrans0.ltrans.o
 .note.GNU-stack
                0x0000000000000000        0x0 /tmp/ccXp1K1R.ltrans0.ltrans.o
 .eh_frame      0x0000000000000000      0x300 /tmp/ccXp1K1R.ltrans0.ltrans.o
 .text          0x0000000000000000        0x0 /tmp/ccxEw9rH.o (symbol from plugin)
 .text          0x0000000000000000        0x0 /tmp/ccgkOLhh.o (symbol from plugin)
 .text          0x0000000000000000        0x0 /tmp/ccpsoZsR.o (symbol from plugin)
 .text          0x0000000000000000        0x0 /tmp/ccU3QbLr.o (symbol from plugin)
 .data          0x0000000000000000        0x0 /usr/lib/x86_64-linux-gnu/libc_nonshared.a(elf-init.oS)
 .bss           0x0000000000000000        0x0 /usr/lib/x86_64-linux-gnu/libc_nonshared.a(elf-init.oS)
 .note.GNU-stack
                0x0000000000000000        0x0 /usr/lib/x86_64-linux-gnu/libc_nonshared.a(elf-init.oS)
 .eh_frame      0x0000000000000000       0x78 /usr/lib/x86_64-linux-gnu/libc_nonshared.a(elf-init.oS)
 .text          0x0000000000000000        0x0 /usr/lib/gcc/x86_64-linux-gnu/4.8/crtend.o
 .data          0x0000000000000000        0x0 /usr/lib/gcc/x86_64-linux-gnu/4.8/crtend.o
 .bss           0x0000000000000000        0x0 /usr/lib/gcc/x86_64-linux-gnu/4.8/crtend.o
 .eh_frame      0x0000000000000000        0x4 /usr/lib/gcc/x86_64-linux-gnu/4.8/crtend.o
 .note.GNU-stack
                0x0000000000000000        0x0 /usr/lib/gcc/x86_64-linux-gnu/4.8/crtend.o
 .text          0x0000000000000000        0x0 /usr/lib/gcc/x86_64-linux-gnu/4.8/../../../x86_64-linux-gnu/crtn.o
 .data          0x0000000000000000        0x0 /usr/lib/gcc/x86_64-linux-gnu/4.8/../../../x86_64-linux-gnu/crtn.o
 .bss           0x0000000000000000        0x0 /usr/lib/gcc/x86_64-linux-gnu/4.8/../../../x86_64-linux-gnu/crtn.o
 .note.GNU-stack
                0x0000000000000000        0x0 /usr/lib/gcc/x86_64-linux-gnu/4.8/../../../x86_64-linux-gnu/crtn.o
 .gnu_debuglink
                0x0000000000000000        0xc /usr/lib/gcc/x86_64-linux-gnu/4.8/../../../x86_64-linux-gnu/crtn.o

Memory Configuration

Name             Origin             Length             Attributes
*default*        0x0000000000000000 0xffffffffffffffff

Linker script and memory map

LOAD /usr/lib/gcc/x86_64-linux-gnu/4.8/../../../x86_64-linux-gnu/crt1.o
LOAD /usr/lib/gcc/x86_64-linux-gnu/4.8/../../../x86_64-linux-gnu/crti.o
LOAD /usr/lib/gcc/x86_64-linux-gnu/4.8/crtbegin.o
LOAD /tmp/cc83lkH7.o
LOAD /tmp/ccXp1K1R.ltrans0.ltrans.o
LOAD /tmp/ccxEw9rH.o
LOAD /tmp/ccgkOLhh.o
LOAD /tmp/ccpsoZsR.o
LOAD /tmp/ccU3QbLr.o
LOAD /usr/lib/gcc/x86_64-linux-gnu/4.8/libgcc.a
LOAD /usr/lib/gcc/x86_64-linux-gnu/4.8/libgcc_s.so
LOAD /usr/lib/gcc/x86_64-linux-gnu/4.8/../../../x86_64-linux-gnu/libc.so
START GROUP
LOAD /lib/x86_64-linux-gnu/libc.so.6
LOAD /usr/lib/x86_64-linux-gnu/libc_nonshared.a
LOAD /lib/x86_64-linux-gnu/ld-linux-x86-64.so.2
END GROUP
LOAD /usr/lib/gcc/x86_64-linux-gnu/4.8/libgcc.a
LOAD /usr/lib/gcc/x86_64-linux-gnu/4.8/libgcc_s.so
LOAD /usr/lib/gcc/x86_64-linux-gnu/4.8/crtend.o
LOAD /usr/lib/gcc/x86_64-linux-gnu/4.8/../../../x86_64-linux-gnu/crtn.o
                0x0000000000400000                PROVIDE (__executable_start, 0x400000)
                0x0000000000400190                . = (0x400000 + SIZEOF_HEADERS)

.interp         0x0000000000400190       0x1c
 *(.interp)
 .interp        0x0000000000400190       0x1c /usr/lib/gcc/x86_64-linux-gnu/4.8/../../../x86_64-linux-gnu/crt1.o

.note.ABI-tag   0x00000000004001ac       0x20
 .note.ABI-tag  0x00000000004001ac       0x20 /usr/lib/gcc/x86_64-linux-gnu/4.8/../../../x86_64-linux-gnu/crt1.o

.note.gnu.build-id
                0x00000000004001cc       0x24
 *(.note.gnu.build-id)
 .note.gnu.build-id
                0x00000000004001cc       0x24 /usr/lib/gcc/x86_64-linux-gnu/4.8/../../../x86_64-linux-gnu/crt1.o

.hash
 *(.hash)

.gnu.hash       0x00000000004001f0       0x24
 *(.gnu.hash)
 .gnu.hash      0x00000000004001f0       0x24 /usr/lib/gcc/x86_64-linux-gnu/4.8/../../../x86_64-linux-gnu/crt1.o

.dynsym         0x0000000000400218      0x1e0
 *(.dynsym)
 .dynsym        0x0000000000400218      0x1e0 /usr/lib/gcc/x86_64-linux-gnu/4.8/../../../x86_64-linux-gnu/crt1.o

.dynstr         0x00000000004003f8       0xce
 *(.dynstr)
 .dynstr        0x00000000004003f8       0xce /usr/lib/gcc/x86_64-linux-gnu/4.8/../../../x86_64-linux-gnu/crt1.o

.gnu.version    0x00000000004004c6       0x28
 *(.gnu.version)
 .gnu.version   0x00000000004004c6       0x28 /usr/lib/gcc/x86_64-linux-gnu/4.8/../../../x86_64-linux-gnu/crt1.o

.gnu.version_d  0x00000000004004f0        0x0
 *(.gnu.version_d)
 .gnu.version_d
                0x0000000000000000        0x0 /usr/lib/gcc/x86_64-linux-gnu/4.8/../../../x86_64-linux-gnu/crt1.o

.gnu.version_r  0x00000000004004f0       0x30
 *(.gnu.version_r)
 .gnu.version_r
                0x00000000004004f0       0x30 /usr/lib/gcc/x86_64-linux-gnu/4.8/../../../x86_64-linux-gnu/crt1.o

.rela.init
 *(.rela.init)

.rela.text      0x0000000000400520        0x0
 *(.rela.text .rela.text.* .rela.gnu.linkonce.t.*)
 .rela.text     0x0000000000000000        0x0 /usr/lib/gcc/x86_64-linux-gnu/4.8/../../../x86_64-linux-gnu/crt1.o
 .rela.text.CNRFBCloseConnection.2502
                0x0000000000000000        0x0 /usr/lib/gcc/x86_64-linux-gnu/4.8/../../../x86_64-linux-gnu/crt1.o
 .rela.text.CNRFBEndSend.2488
                0x0000000000000000        0x0 /usr/lib/gcc/x86_64-linux-gnu/4.8/../../../x86_64-linux-gnu/crt1.o
 .rela.text.CNRFBCanSendData.2531
                0x0000000000000000        0x0 /usr/lib/gcc/x86_64-linux-gnu/4.8/../../../x86_64-linux-gnu/crt1.o
 .rela.text.FreeFrameForClient.2439
                0x0000000000000000        0x0 /usr/lib/gcc/x86_64-linux-gnu/4.8/../../../x86_64-linux-gnu/crt1.o
 .rela.text.CNRFBTick.2436
                0x0000000000000000        0x0 /usr/lib/gcc/x86_64-linux-gnu/4.8/../../../x86_64-linux-gnu/crt1.o
 .rela.text.startup.main
                0x0000000000000000        0x0 /usr/lib/gcc/x86_64-linux-gnu/4.8/../../../x86_64-linux-gnu/crt1.o

.rela.fini
 *(.rela.fini)

.rela.rodata
 *(.rela.rodata .rela.rodata.* .rela.gnu.linkonce.r.*)

.rela.data.rel.ro
 *(.rela.data.rel.ro .rela.data.rel.ro.* .rela.gnu.linkonce.d.rel.ro.*)

.rela.data
 *(.rela.data .rela.data.* .rela.gnu.linkonce.d.*)

.rela.tdata
 *(.rela.tdata .rela.tdata.* .rela.gnu.linkonce.td.*)

.rela.tbss
 *(.rela.tbss .rela.tbss.* .rela.gnu.linkonce.tb.*)

.rela.ctors
 *(.rela.ctors)

.rela.dtors
 *(.rela.dtors)

.rela.got       0x0000000000400520       0x18
 *(.rela.got)
 .rela.got      0x0000000000400520       0x18 /usr/lib/gcc/x86_64-linux-gnu/4.8/../../../x86_64-linux-gnu/crt1.o

.rela.bss       0x0000000000400538       0x18
 *(.rela.bss .rela.bss.* .rela.gnu.linkonce.b.*)
 .rela.bss      0x0000000000400538       0x18 /usr/lib/gcc/x86_64-linux-gnu/4.8/../../../x86_64-linux-gnu/crt1.o

.rela.ldata
 *(.rela.ldata .rela.ldata.* .rela.gnu.linkonce.l.*)

.rela.lbss
 *(.rela.lbss .rela.lbss.* .rela.gnu.linkonce.lb.*)

.rela.lrodata
 *(.rela.lrodata .rela.lrodata.* .rela.gnu.linkonce.lr.*)

.rela.ifunc
 *(.rela.ifunc)

.rela.plt       0x0000000000400550      0x1b0
 *(.rela.plt)
 .rela.plt      0x0000000000400550      0x1b0 /usr/lib/gcc/x86_64-linux-gnu/4.8/../../../x86_64-linux-gnu/crt1.o
                0x0000000000400700                PROVIDE (__rela_iplt_start, .)
 *(.rela.iplt)
 .rela.iplt     0x0000000000000000        0x0 /usr/lib/gcc/x86_64-linux-gnu/4.8/../../../x86_64-linux-gnu/crt1.o
                0x0000000000400700                PROVIDE (__rela_iplt_end, .)

.init           0x0000000000400700       0x1a
 *(SORT(.init))
 .init          0x0000000000400700       0x15 /usr/lib/gcc/x86_64-linux-gnu/4.8/../../../x86_64-linux-gnu/crti.o
                0x0000000000400700                _init
 .init          0x0000000000400715        0x5 /usr/lib/gcc/x86_64-linux-gnu/4.8/../../../x86_64-linux-gnu/crtn.o

.plt            0x0000000000400720      0x130
 *(.plt)
 .plt           0x0000000000400720      0x130 /usr/lib/gcc/x86_64-linux-gnu/4.8/../../../x86_64-linux-gnu/crt1.o
                0x0000000000400730                recv@@GLIBC_2.2.5
                0x0000000000400740                setsockopt@@GLIBC_2.2.5
                0x0000000000400750                send@@GLIBC_2.2.5
                0x0000000000400760                gettimeofday@@GLIBC_2.2.5
                0x0000000000400770                fputs@@GLIBC_2.2.5
                0x0000000000400780                ioctl@@GLIBC_2.2.5
                0x0000000000400790                close@@GLIBC_2.2.5
                0x00000000004007a0                __libc_start_main@@GLIBC_2.2.5
                0x00000000004007c0                listen@@GLIBC_2.2.5
                0x00000000004007d0                __printf_chk@@GLIBC_2.3.4
                0x00000000004007e0                poll@@GLIBC_2.2.5
                0x00000000004007f0                bind@@GLIBC_2.2.5
                0x0000000000400800                accept@@GLIBC_2.2.5
                0x0000000000400810                __fprintf_chk@@GLIBC_2.3.4
                0x0000000000400820                usleep@@GLIBC_2.2.5
                0x0000000000400830                __sprintf_chk@@GLIBC_2.3.4
                0x0000000000400840                socket@@GLIBC_2.2.5
 *(.iplt)
 .iplt          0x0000000000000000        0x0 /usr/lib/gcc/x86_64-linux-gnu/4.8/../../../x86_64-linux-gnu/crt1.o

.text           0x0000000000400850     0x1a72
 *(.text.unlikely .text.*_unlikely)
 *(.text.exit .text.exit.*)
 *(.text.startup .text.startup.*)
 .text.startup.main
                0x0000000000400850      0x555 /tmp/ccXp1K1R.ltrans0.ltrans.o
                0x0000000000400850                main
 *(.text.hot .text.hot.*)
 *(.text .stub .text.* .gnu.linkonce.t.*)
 .text          0x0000000000400da5       0x2a /usr/lib/gcc/x86_64-linux-gnu/4.8/../../../x86_64-linux-gnu/crt1.o
                0x0000000000400da5                _start
 *fill*         0x0000000000400dcf        0x1 
 .text          0x0000000000400dd0       0xbd /usr/lib/gcc/x86_64-linux-gnu/4.8/crtbegin.o
 .text.tsin.2490
                0x0000000000400e8d       0x51 /tmp/ccXp1K1R.ltrans0.ltrans.o
 .text.RespawnPlayer.2499
                0x0000000000400ede       0x44 /tmp/ccXp1K1R.ltrans0.ltrans.o
 .text.DisconnectEvent.2505
                0x0000000000400f22        0xf /tmp/ccXp1K1R.ltrans0.ltrans.o
 .text.HeapAdd.2508
                0x0000000000400f31       0x5f /tmp/ccXp1K1R.ltrans0.ltrans.o
 .text.HeapRemove.2515
                0x0000000000400f90       0x91 /tmp/ccXp1K1R.ltrans0.ltrans.o
 .text.CNRFBRead4.2534
                0x0000000000401021       0x62 /tmp/ccXp1K1R.ltrans0.ltrans.o
 .text.CNRFBRead2.2537
                0x0000000000401083       0x3d /tmp/ccXp1K1R.ltrans0.ltrans.o
 .text.CNRFBRead1.2539
                0x00000000004010c0       0x28 /tmp/ccXp1K1R.ltrans0.ltrans.o
 .text.CNRFBSend4.2541
                0x00000000004010e8       0x4f /tmp/ccXp1K1R.ltrans0.ltrans.o
 .text.CNRFBSend2.2544
                0x0000000000401137       0x2d /tmp/ccXp1K1R.ltrans0.ltrans.o
 .text.CNRFBSend1.2547
                0x0000000000401164       0x19 /tmp/ccXp1K1R.ltrans0.ltrans.o
 .text.CNRFBCloseConnection.2502
                0x000000000040117d       0x24 /tmp/ccXp1K1R.ltrans0.ltrans.o
 .text.ToolStart.2421
                0x00000000004011a1       0x12 /tmp/ccXp1K1R.ltrans0.ltrans.o
 .text.CNRFBInit.2550
                0x00000000004011b3       0x12 /tmp/ccXp1K1R.ltrans0.ltrans.o
 .text.ConnectEvent.2496
                0x00000000004011c5       0x41 /tmp/ccXp1K1R.ltrans0.ltrans.o
 .text.UpdateEvent.2416
                0x0000000000401206      0x57e /tmp/ccXp1K1R.ltrans0.ltrans.o
 .text.CNRFBEndSend.2488
                0x0000000000401784       0x91 /tmp/ccXp1K1R.ltrans0.ltrans.o
 .text.CNRFBSendData.2520
                0x0000000000401815       0x2c /tmp/ccXp1K1R.ltrans0.ltrans.o
 .text.CNRFBCanSendData.2531
                0x0000000000401841       0x39 /tmp/ccXp1K1R.ltrans0.ltrans.o
 .text.CNRFBStartSend.2528
                0x000000000040187a       0x22 /tmp/ccXp1K1R.ltrans0.ltrans.o
 .text.StartFrameDraw.2524
                0x000000000040189c       0x38 /tmp/ccXp1K1R.ltrans0.ltrans.o
 .text.FreeFrameForClient.2439
                0x00000000004018d4      0x71a /tmp/ccXp1K1R.ltrans0.ltrans.o
 .text.CNRFBTick.2436
                0x0000000000401fee      0x254 /tmp/ccXp1K1R.ltrans0.ltrans.o
 *fill*         0x0000000000402242        0xe 
 .text          0x0000000000402250       0x72 /usr/lib/x86_64-linux-gnu/libc_nonshared.a(elf-init.oS)
                0x0000000000402250                __libc_csu_init
                0x00000000004022c0                __libc_csu_fini

.fini           0x00000000004022c4        0x9
 *(SORT(.fini))
 .fini          0x00000000004022c4        0x4 /usr/lib/gcc/x86_64-linux-gnu/4.8/../../../x86_64-linux-gnu/crti.o
                0x00000000004022c4                _fini
 .fini          0x00000000004022c8        0x5 /usr/lib/gcc/x86_64-linux-gnu/4.8/../../../x86_64-linux-gnu/crtn.o
                0x00000000004022cd                PROVIDE (__etext, .)
                0x00000000004022cd                PROVIDE (_etext, .)
                0x00000000004022cd                PROVIDE (etext, .)

.rodata         0x00000000004022d0     0x119a
 *(.rodata .rodata.* .gnu.linkonce.r.*)
 .rodata.str1.1
                0x00000000004022d0      0x177 /tmp/ccXp1K1R.ltrans0.ltrans.o
 *fill*         0x0000000000402447        0x1 
 .rodata.FreeFrameForClient.2439
                0x0000000000402448       0x28 /tmp/ccXp1K1R.ltrans0.ltrans.o
 .rodata.CNRFBTick.2436
                0x0000000000402470       0x40 /tmp/ccXp1K1R.ltrans0.ltrans.o
 .rodata.main   0x00000000004024b0       0x80 /tmp/ccXp1K1R.ltrans0.ltrans.o
 .rodata.sintab.2697
                0x0000000000402530       0x41 /tmp/ccXp1K1R.ltrans0.ltrans.o
 *fill*         0x0000000000402571        0xf 
 .rodata.atancorrect.2694
                0x0000000000402580       0x81 /tmp/ccXp1K1R.ltrans0.ltrans.o
 *fill*         0x0000000000402601        0xf 
 .rodata.font_pieces.2693
                0x0000000000402610      0xc38 /tmp/ccXp1K1R.ltrans0.ltrans.o
 *fill*         0x0000000000403248        0x8 
 .rodata.font_places.2691
                0x0000000000403250      0x202 /tmp/ccXp1K1R.ltrans0.ltrans.o
 *fill*         0x0000000000403452        0x6 
 .rodata.PlayerColors.2690
                0x0000000000403458        0x8 /tmp/ccXp1K1R.ltrans0.ltrans.o
 .rodata.keymap.2675
                0x0000000000403460        0xa /tmp/ccXp1K1R.ltrans0.ltrans.o

.rodata1
 *(.rodata1)
                0x000000000040346a                . = (ALIGN (0x200000) - ((0x200000 - .) & 0x1fffff))
                0x000000000040347a                . = DATA_SEGMENT_ALIGN (0x10, 0x8)

.gcc_except_table
 *(.gcc_except_table .gcc_except_table.*)

.exception_ranges
 *(.exception_ranges .exception_ranges*)

.tdata
 *(.tdata .tdata.* .gnu.linkonce.td.*)

.tbss
 *(.tbss .tbss.* .gnu.linkonce.tb.*)
 *(.tcommon)

.preinit_array  0x000000000040347a        0x0
                0x000000000040347a                PROVIDE (__preinit_array_start, .)
 *(.preinit_array)
                0x000000000040347a                PROVIDE (__preinit_array_end, .)

.init_array     0x0000000000403480        0x8
                0x0000000000403480                PROVIDE (__init_array_start, .)
 *(SORT(.init_array.*) SORT(.ctors.*))
 *(.init_array)
 .init_array    0x0000000000403480        0x8 /usr/lib/gcc/x86_64-linux-gnu/4.8/crtbegin.o
 *(EXCLUDE_FILE(*crtend?.o *crtend.o *crtbegin?.o *crtbegin.o) .ctors)
                0x0000000000403488                PROVIDE (__init_array_end, .)

.fini_array     0x0000000000403488        0x8
                0x0000000000403488                PROVIDE (__fini_array_start, .)
 *(SORT(.fini_array.*) SORT(.dtors.*))
 *(.fini_array)
 .fini_array    0x0000000000403488        0x8 /usr/lib/gcc/x86_64-linux-gnu/4.8/crtbegin.o
 *(EXCLUDE_FILE(*crtend?.o *crtend.o *crtbegin?.o *crtbegin.o) .dtors)
                0x0000000000403490                PROVIDE (__fini_array_end, .)

.ctors
 *crtbegin.o(.ctors)
 *crtbegin?.o(.ctors)
 *(EXCLUDE_FILE(*crtend?.o *crtend.o) .ctors)
 *(SORT(.ctors.*))
 *(.ctors)

.dtors
 *crtbegin.o(.dtors)
 *crtbegin?.o(.dtors)
 *(EXCLUDE_FILE(*crtend?.o *crtend.o) .dtors)
 *(SORT(.dtors.*))
 *(.dtors)

.jcr            0x0000000000403490        0x8
 *(.jcr)
 .jcr           0x0000000000403490        0x0 /usr/lib/gcc/x86_64-linux-gnu/4.8/crtbegin.o
 .jcr           0x0000000000403490        0x8 /usr/lib/gcc/x86_64-linux-gnu/4.8/crtend.o

.data.rel.ro
 *(.data.rel.ro.local* .gnu.linkonce.d.rel.ro.local.*)
 *(.data.rel.ro .data.rel.ro.* .gnu.linkonce.d.rel.ro.*)

.dynamic        0x0000000000403498      0x1d0
 *(.dynamic)
 .dynamic       0x0000000000403498      0x1d0 /usr/lib/gcc/x86_64-linux-gnu/4.8/../../../x86_64-linux-gnu/crt1.o
                0x0000000000403498                _DYNAMIC

.got            0x0000000000403668        0x8
 *(.got)
 .got           0x0000000000403668        0x8 /usr/lib/gcc/x86_64-linux-gnu/4.8/../../../x86_64-linux-gnu/crt1.o
 *(.igot)
                0x0000000000403670                . = DATA_SEGMENT_RELRO_END (., (SIZEOF (.got.plt) >= 0x18)?0x18:0x0)

.got.plt        0x0000000000403670       0xa8
 *(.got.plt)
 .got.plt       0x0000000000403670       0xa8 /usr/lib/gcc/x86_64-linux-gnu/4.8/../../../x86_64-linux-gnu/crt1.o
                0x0000000000403670                _GLOBAL_OFFSET_TABLE_
 *(.igot.plt)
 .igot.plt      0x0000000000000000        0x0 /usr/lib/gcc/x86_64-linux-gnu/4.8/../../../x86_64-linux-gnu/crt1.o

.data           0x0000000000403720       0x18
 *(.data .data.* .gnu.linkonce.d.*)
 .data.ServerInit.2689
                0x0000000000403720       0x14 /tmp/ccXp1K1R.ltrans0.ltrans.o
 .data.last_boolet.2637
                0x0000000000403734        0x4 /tmp/ccXp1K1R.ltrans0.ltrans.o

.tm_clone_table
                0x0000000000403738        0x0
 .tm_clone_table
                0x0000000000403738        0x0 /usr/lib/gcc/x86_64-linux-gnu/4.8/crtbegin.o
 .tm_clone_table
                0x0000000000403738        0x0 /usr/lib/gcc/x86_64-linux-gnu/4.8/crtend.o

.data1
 *(.data1)
                0x0000000000403738                _edata = .
                0x0000000000403738                PROVIDE (edata, .)
                0x0000000000403738                . = .
                0x0000000000403738                __bss_start = .

.bss            0x0000000000403740    0x14548
 *(.dynbss)
 .dynbss        0x0000000000403740        0x8 /usr/lib/gcc/x86_64-linux-gnu/4.8/../../../x86_64-linux-gnu/crt1.o
                0x0000000000403740                stderr@@GLIBC_2.2.5
 *(.bss .bss.* .gnu.linkonce.b.*)
 .bss           0x0000000000403748        0x1 /usr/lib/gcc/x86_64-linux-gnu/4.8/crtbegin.o
 *fill*         0x0000000000403749        0x7 
 .bss.sendbuffer.2696
                0x0000000000403750     0x4000 /tmp/ccXp1K1R.ltrans0.ltrans.o
 .bss.sendconn.2631
                0x0000000000407750        0x1 /tmp/ccXp1K1R.ltrans0.ltrans.o
 *fill*         0x0000000000407751        0x1 
 .bss.sendptr.2632
                0x0000000000407752        0x2 /tmp/ccXp1K1R.ltrans0.ltrans.o
 .bss.cl.2758.2477.2629
                0x0000000000407754        0x1 /tmp/ccXp1K1R.ltrans0.ltrans.o
 *fill*         0x0000000000407755        0xb 
 .bss.Things.2680
                0x0000000000407760      0x360 /tmp/ccXp1K1R.ltrans0.ltrans.o
 .bss.PlayerPoints.2679
                0x0000000000407ac0       0x10 /tmp/ccXp1K1R.ltrans0.ltrans.o
 .bss.RankingHeapPlace.2678
                0x0000000000407ad0        0x1 /tmp/ccXp1K1R.ltrans0.ltrans.o
 *fill*         0x0000000000407ad1        0x7 
 .bss.RankingHeap.2677
                0x0000000000407ad8        0x8 /tmp/ccXp1K1R.ltrans0.ltrans.o
 .bss.gtickcount.2638
                0x0000000000407ae0        0x1 /tmp/ccXp1K1R.ltrans0.ltrans.o
 *fill*         0x0000000000407ae1        0xf 
 .bss.PylonHealths.2676
                0x0000000000407af0       0x37 /tmp/ccXp1K1R.ltrans0.ltrans.o
 .bss.pylons_remaining.2636
                0x0000000000407b27        0x1 /tmp/ccXp1K1R.ltrans0.ltrans.o
 .bss.gameover.2635
                0x0000000000407b28        0x2 /tmp/ccXp1K1R.ltrans0.ltrans.o
 *fill*         0x0000000000407b2a        0x6 
 .bss.FPSs.2654
                0x0000000000407b30       0xe0 /tmp/ccXp1K1R.ltrans0.ltrans.o
 .bss.CNRFBs.2641
                0x0000000000407c10       0x40 /tmp/ccXp1K1R.ltrans0.ltrans.o
 .bss.readbuffersize.2633
                0x0000000000407c50        0x2 /tmp/ccXp1K1R.ltrans0.ltrans.o
 .bss.readbufferpos.2634
                0x0000000000407c52        0x2 /tmp/ccXp1K1R.ltrans0.ltrans.o
 *fill*         0x0000000000407c54        0xc 
 .bss.readbuffer.2640
                0x0000000000407c60    0x10000 /tmp/ccXp1K1R.ltrans0.ltrans.o
 .bss.sockets.2630
                0x0000000000417c60       0x28 /tmp/ccXp1K1R.ltrans0.ltrans.o
 *(COMMON)
                0x0000000000417c88                . = ALIGN ((. != 0x0)?0x8:0x1)

.lbss
 *(.dynlbss)
 *(.lbss .lbss.* .gnu.linkonce.lb.*)
 *(LARGE_COMMON)
                0x0000000000417c88                . = ALIGN (0x8)

.lrodata
 *(.lrodata .lrodata.* .gnu.linkonce.lr.*)

.ldata          0x0000000000817c88        0x0
 *(.ldata .ldata.* .gnu.linkonce.l.*)
                0x0000000000817c88                . = ALIGN ((. != 0x0)?0x8:0x1)
                0x0000000000817c88                . = ALIGN (0x8)
                0x0000000000817c88                _end = .
                0x0000000000817c88                PROVIDE (end, .)
                0x0000000000817c88                . = DATA_SEGMENT_END (.)

.stab
 *(.stab)

.stabstr
 *(.stabstr)

.stab.excl
 *(.stab.excl)

.stab.exclstr
 *(.stab.exclstr)

.stab.index
 *(.stab.index)

.stab.indexstr
 *(.stab.indexstr)

.comment        0x0000000000000000       0x24
 *(.comment)
 .comment       0x0000000000000000       0x24 /usr/lib/gcc/x86_64-linux-gnu/4.8/crtbegin.o
                                         0x25 (size before relaxing)
 .comment       0x0000000000000000       0x25 /tmp/ccXp1K1R.ltrans0.ltrans.o
 .comment       0x0000000000000000       0x25 /usr/lib/x86_64-linux-gnu/libc_nonshared.a(elf-init.oS)
 .comment       0x0000000000000000       0x25 /usr/lib/gcc/x86_64-linux-gnu/4.8/crtend.o

/DISCARD/
 *(.note.GNU-stack)
 *(.gnu_debuglink)
 *(.gnu.lto_*)
 *(.eh_frame_hdr)
 *(.eh_frame)
OUTPUT(fps elf64-x86-64)
